[2024-10-11T12:44:50.104-0300][gc] Using G1
[2024-10-11T12:44:50.117-0300][gc,init] Version: 17.0.12+7-Ubuntu-1ubuntu222.04 (release)
[2024-10-11T12:44:50.117-0300][gc,init] CPUs: 6 total, 6 available
[2024-10-11T12:44:50.118-0300][gc,init] Memory: 7884M
[2024-10-11T12:44:50.118-0300][gc,init] Large Page Support: Disabled
[2024-10-11T12:44:50.118-0300][gc,init] NUMA Support: Disabled
[2024-10-11T12:44:50.118-0300][gc,init] Compressed Oops: Enabled (32-bit)
[2024-10-11T12:44:50.118-0300][gc,init] Heap Region Size: 1M
[2024-10-11T12:44:50.118-0300][gc,init] Heap Min Capacity: 1G
[2024-10-11T12:44:50.119-0300][gc,init] Heap Initial Capacity: 1G
[2024-10-11T12:44:50.119-0300][gc,init] Heap Max Capacity: 1G
[2024-10-11T12:44:50.119-0300][gc,init] Pre-touch: Disabled
[2024-10-11T12:44:50.119-0300][gc,init] Parallel Workers: 6
[2024-10-11T12:44:50.119-0300][gc,init] Concurrent Workers: 2
[2024-10-11T12:44:50.120-0300][gc,init] Concurrent Refinement Workers: 6
[2024-10-11T12:44:50.120-0300][gc,init] Periodic GC: Disabled
[2024-10-11T12:44:50.129-0300][gc,metaspace] CDS archive(s) mapped at: [0x00007f7c4f000000-0x00007f7c4fbc4000-0x00007f7c4fbc4000), size 12337152, SharedBaseAddress: 0x00007f7c4f000000, ArchiveRelocationMode: 1.
[2024-10-11T12:44:50.129-0300][gc,metaspace] Compressed class space mapped at: 0x00007f7c50000000-0x00007f7c90000000, reserved size: 1073741824
[2024-10-11T12:44:50.129-0300][gc,metaspace] Narrow klass base: 0x00007f7c4f000000, Narrow klass shift: 0, Narrow klass range: 0x100000000
[2024-10-11T12:44:55.019-0300][gc,start    ] GC(0) Pause Young (Normal) (G1 Evacuation Pause)
[2024-10-11T12:44:55.020-0300][gc,task     ] GC(0) Using 6 workers of 6 for evacuation
[2024-10-11T12:44:55.033-0300][gc,phases   ] GC(0)   Pre Evacuate Collection Set: 0.2ms
[2024-10-11T12:44:55.041-0300][gc,phases   ] GC(0)   Merge Heap Roots: 0.2ms
[2024-10-11T12:44:55.042-0300][gc,phases   ] GC(0)   Evacuate Collection Set: 10.3ms
[2024-10-11T12:44:55.049-0300][gc,phases   ] GC(0)   Post Evacuate Collection Set: 1.4ms
[2024-10-11T12:44:55.051-0300][gc,phases   ] GC(0)   Other: 1.3ms
[2024-10-11T12:44:55.051-0300][gc,heap     ] GC(0) Eden regions: 51->0(44)
[2024-10-11T12:44:55.051-0300][gc,heap     ] GC(0) Survivor regions: 0->7(7)
[2024-10-11T12:44:55.051-0300][gc,heap     ] GC(0) Old regions: 0->1
[2024-10-11T12:44:55.051-0300][gc,heap     ] GC(0) Archive regions: 2->2
[2024-10-11T12:44:55.051-0300][gc,heap     ] GC(0) Humongous regions: 0->0
[2024-10-11T12:44:55.052-0300][gc,metaspace] GC(0) Metaspace: 18990K(19264K)->18990K(19264K) NonClass: 16715K(16832K)->16715K(16832K) Class: 2274K(2432K)->2274K(2432K)
[2024-10-11T12:44:55.052-0300][gc          ] GC(0) Pause Young (Normal) (G1 Evacuation Pause) 51M->8M(1024M) 32.438ms
[2024-10-11T12:44:55.052-0300][gc,cpu      ] GC(0) User=0.02s Sys=0.03s Real=0.03s
[2024-10-11T12:44:55.780-0300][gc,start    ] GC(1) Pause Young (Concurrent Start) (Metadata GC Threshold)
[2024-10-11T12:44:55.782-0300][gc,task     ] GC(1) Using 6 workers of 6 for evacuation
[2024-10-11T12:44:55.801-0300][gc,phases   ] GC(1)   Pre Evacuate Collection Set: 0.2ms
[2024-10-11T12:44:55.801-0300][gc,phases   ] GC(1)   Merge Heap Roots: 0.1ms
[2024-10-11T12:44:55.801-0300][gc,phases   ] GC(1)   Evacuate Collection Set: 17.3ms
[2024-10-11T12:44:55.801-0300][gc,phases   ] GC(1)   Post Evacuate Collection Set: 0.9ms
[2024-10-11T12:44:55.801-0300][gc,phases   ] GC(1)   Other: 1.7ms
[2024-10-11T12:44:55.802-0300][gc,heap     ] GC(1) Eden regions: 11->0(49)
[2024-10-11T12:44:55.802-0300][gc,heap     ] GC(1) Survivor regions: 7->2(7)
[2024-10-11T12:44:55.802-0300][gc,heap     ] GC(1) Old regions: 1->7
[2024-10-11T12:44:55.802-0300][gc,heap     ] GC(1) Archive regions: 2->2
[2024-10-11T12:44:55.802-0300][gc,heap     ] GC(1) Humongous regions: 129->129
[2024-10-11T12:44:55.802-0300][gc,metaspace] GC(1) Metaspace: 21276K(21504K)->21276K(21504K) NonClass: 18715K(18816K)->18715K(18816K) Class: 2560K(2688K)->2560K(2688K)
[2024-10-11T12:44:55.803-0300][gc          ] GC(1) Pause Young (Concurrent Start) (Metadata GC Threshold) 147M->138M(1024M) 22.226ms
[2024-10-11T12:44:55.803-0300][gc,cpu      ] GC(1) User=0.05s Sys=0.01s Real=0.02s
[2024-10-11T12:44:55.803-0300][gc          ] GC(2) Concurrent Mark Cycle
[2024-10-11T12:44:55.803-0300][gc,marking  ] GC(2) Concurrent Clear Claimed Marks
[2024-10-11T12:44:55.803-0300][gc,marking  ] GC(2) Concurrent Clear Claimed Marks 0.191ms
[2024-10-11T12:44:55.805-0300][gc,marking  ] GC(2) Concurrent Scan Root Regions
[2024-10-11T12:44:55.807-0300][gc,marking  ] GC(2) Concurrent Scan Root Regions 2.450ms
[2024-10-11T12:44:55.813-0300][gc,marking  ] GC(2) Concurrent Mark
[2024-10-11T12:44:55.813-0300][gc,marking  ] GC(2) Concurrent Mark From Roots
[2024-10-11T12:44:55.813-0300][gc,task     ] GC(2) Using 2 workers of 2 for marking
[2024-10-11T12:44:55.815-0300][gc,marking  ] GC(2) Concurrent Mark From Roots 2.182ms
[2024-10-11T12:44:55.815-0300][gc,marking  ] GC(2) Concurrent Preclean
[2024-10-11T12:44:55.816-0300][gc,marking  ] GC(2) Concurrent Preclean 0.369ms
[2024-10-11T12:44:55.816-0300][gc,start    ] GC(2) Pause Remark
[2024-10-11T12:44:55.818-0300][gc          ] GC(2) Pause Remark 138M->138M(1024M) 2.167ms
[2024-10-11T12:44:55.818-0300][gc,cpu      ] GC(2) User=0.01s Sys=0.00s Real=0.00s
[2024-10-11T12:44:55.819-0300][gc,marking  ] GC(2) Concurrent Mark 5.901ms
[2024-10-11T12:44:55.819-0300][gc,marking  ] GC(2) Concurrent Rebuild Remembered Sets
[2024-10-11T12:44:55.819-0300][gc,marking  ] GC(2) Concurrent Rebuild Remembered Sets 0.165ms
[2024-10-11T12:44:55.819-0300][gc,start    ] GC(2) Pause Cleanup
[2024-10-11T12:44:55.819-0300][gc          ] GC(2) Pause Cleanup 138M->138M(1024M) 0.163ms
[2024-10-11T12:44:55.820-0300][gc,cpu      ] GC(2) User=0.00s Sys=0.00s Real=0.00s
[2024-10-11T12:44:55.820-0300][gc,marking  ] GC(2) Concurrent Cleanup for Next Mark
[2024-10-11T12:44:55.826-0300][gc,marking  ] GC(2) Concurrent Cleanup for Next Mark 6.017ms
[2024-10-11T12:44:55.826-0300][gc          ] GC(2) Concurrent Mark Cycle 23.036ms
[2024-10-11T12:44:58.255-0300][gc,start    ] GC(3) Pause Young (Normal) (G1 Evacuation Pause)
[2024-10-11T12:44:58.256-0300][gc,task     ] GC(3) Using 6 workers of 6 for evacuation
[2024-10-11T12:44:58.262-0300][gc,phases   ] GC(3)   Pre Evacuate Collection Set: 0.3ms
[2024-10-11T12:44:58.263-0300][gc,phases   ] GC(3)   Merge Heap Roots: 0.1ms
[2024-10-11T12:44:58.263-0300][gc,phases   ] GC(3)   Evacuate Collection Set: 4.9ms
[2024-10-11T12:44:58.263-0300][gc,phases   ] GC(3)   Post Evacuate Collection Set: 0.8ms
[2024-10-11T12:44:58.263-0300][gc,phases   ] GC(3)   Other: 0.8ms
[2024-10-11T12:44:58.263-0300][gc,heap     ] GC(3) Eden regions: 49->0(45)
[2024-10-11T12:44:58.263-0300][gc,heap     ] GC(3) Survivor regions: 2->6(7)
[2024-10-11T12:44:58.264-0300][gc,heap     ] GC(3) Old regions: 7->7
[2024-10-11T12:44:58.264-0300][gc,heap     ] GC(3) Archive regions: 2->2
[2024-10-11T12:44:58.264-0300][gc,heap     ] GC(3) Humongous regions: 129->129
[2024-10-11T12:44:58.264-0300][gc,metaspace] GC(3) Metaspace: 32629K(32832K)->32629K(32832K) NonClass: 28994K(29120K)->28994K(29120K) Class: 3634K(3712K)->3634K(3712K)
[2024-10-11T12:44:58.264-0300][gc          ] GC(3) Pause Young (Normal) (G1 Evacuation Pause) 187M->142M(1024M) 8.863ms
[2024-10-11T12:44:58.264-0300][gc,cpu      ] GC(3) User=0.02s Sys=0.00s Real=0.01s
[2024-10-11T13:34:51.359-0300][gc,start    ] GC(4) Pause Young (Concurrent Start) (Metadata GC Threshold)
[2024-10-11T13:34:51.360-0300][gc,task     ] GC(4) Using 6 workers of 6 for evacuation
[2024-10-11T13:34:51.367-0300][gc,phases   ] GC(4)   Pre Evacuate Collection Set: 0.3ms
[2024-10-11T13:34:51.367-0300][gc,phases   ] GC(4)   Merge Heap Roots: 0.1ms
[2024-10-11T13:34:51.368-0300][gc,phases   ] GC(4)   Evacuate Collection Set: 5.8ms
[2024-10-11T13:34:51.368-0300][gc,phases   ] GC(4)   Post Evacuate Collection Set: 0.9ms
[2024-10-11T13:34:51.368-0300][gc,phases   ] GC(4)   Other: 1.3ms
[2024-10-11T13:34:51.368-0300][gc,heap     ] GC(4) Eden regions: 34->0(49)
[2024-10-11T13:34:51.368-0300][gc,heap     ] GC(4) Survivor regions: 6->2(7)
[2024-10-11T13:34:51.368-0300][gc,heap     ] GC(4) Old regions: 7->13
[2024-10-11T13:34:51.369-0300][gc,heap     ] GC(4) Archive regions: 2->2
[2024-10-11T13:34:51.369-0300][gc,heap     ] GC(4) Humongous regions: 129->129
[2024-10-11T13:34:51.369-0300][gc,metaspace] GC(4) Metaspace: 35653K(35968K)->35653K(35968K) NonClass: 31536K(31680K)->31536K(31680K) Class: 4117K(4288K)->4117K(4288K)
[2024-10-11T13:34:51.369-0300][gc          ] GC(4) Pause Young (Concurrent Start) (Metadata GC Threshold) 176M->143M(1024M) 10.391ms
[2024-10-11T13:34:51.369-0300][gc,cpu      ] GC(4) User=0.02s Sys=0.02s Real=0.01s
[2024-10-11T13:34:51.370-0300][gc          ] GC(5) Concurrent Mark Cycle
[2024-10-11T13:34:51.370-0300][gc,marking  ] GC(5) Concurrent Clear Claimed Marks
[2024-10-11T13:34:51.370-0300][gc,marking  ] GC(5) Concurrent Clear Claimed Marks 0.284ms
[2024-10-11T13:34:51.371-0300][gc,marking  ] GC(5) Concurrent Scan Root Regions
[2024-10-11T13:34:51.379-0300][gc,marking  ] GC(5) Concurrent Scan Root Regions 8.344ms
[2024-10-11T13:34:51.379-0300][gc,marking  ] GC(5) Concurrent Mark
[2024-10-11T13:34:51.379-0300][gc,marking  ] GC(5) Concurrent Mark From Roots
[2024-10-11T13:34:51.380-0300][gc,task     ] GC(5) Using 2 workers of 2 for marking
[2024-10-11T13:34:51.389-0300][gc,marking  ] GC(5) Concurrent Mark From Roots 9.121ms
[2024-10-11T13:34:51.389-0300][gc,marking  ] GC(5) Concurrent Preclean
[2024-10-11T13:34:51.389-0300][gc,marking  ] GC(5) Concurrent Preclean 0.474ms
[2024-10-11T13:34:51.390-0300][gc,start    ] GC(5) Pause Remark
[2024-10-11T13:34:51.396-0300][gc          ] GC(5) Pause Remark 144M->144M(1024M) 6.729ms
[2024-10-11T13:34:51.397-0300][gc,cpu      ] GC(5) User=0.02s Sys=0.00s Real=0.01s
[2024-10-11T13:34:51.397-0300][gc,marking  ] GC(5) Concurrent Mark 17.762ms
[2024-10-11T13:34:51.397-0300][gc,marking  ] GC(5) Concurrent Rebuild Remembered Sets
[2024-10-11T13:34:51.410-0300][gc,marking  ] GC(5) Concurrent Rebuild Remembered Sets 12.992ms
[2024-10-11T13:34:51.411-0300][gc,start    ] GC(5) Pause Cleanup
[2024-10-11T13:34:51.411-0300][gc          ] GC(5) Pause Cleanup 144M->144M(1024M) 0.445ms
[2024-10-11T13:34:51.411-0300][gc,cpu      ] GC(5) User=0.01s Sys=0.00s Real=0.00s
[2024-10-11T13:34:51.412-0300][gc,marking  ] GC(5) Concurrent Cleanup for Next Mark
[2024-10-11T13:34:51.423-0300][gc,marking  ] GC(5) Concurrent Cleanup for Next Mark 11.356ms
[2024-10-11T13:34:51.423-0300][gc          ] GC(5) Concurrent Mark Cycle 53.867ms
[2024-10-11T14:45:32.247-0300][gc,start    ] GC(6) Pause Young (Normal) (G1 Evacuation Pause)
[2024-10-11T14:45:32.247-0300][gc,task     ] GC(6) Using 6 workers of 6 for evacuation
[2024-10-11T14:45:32.251-0300][gc,phases   ] GC(6)   Pre Evacuate Collection Set: 0.3ms
[2024-10-11T14:45:32.251-0300][gc,phases   ] GC(6)   Merge Heap Roots: 0.1ms
[2024-10-11T14:45:32.252-0300][gc,phases   ] GC(6)   Evacuate Collection Set: 2.0ms
[2024-10-11T14:45:32.252-0300][gc,phases   ] GC(6)   Post Evacuate Collection Set: 1.2ms
[2024-10-11T14:45:32.252-0300][gc,phases   ] GC(6)   Other: 0.8ms
[2024-10-11T14:45:32.252-0300][gc,heap     ] GC(6) Eden regions: 49->0(49)
[2024-10-11T14:45:32.252-0300][gc,heap     ] GC(6) Survivor regions: 2->2(7)
[2024-10-11T14:45:32.253-0300][gc,heap     ] GC(6) Old regions: 13->13
[2024-10-11T14:45:32.253-0300][gc,heap     ] GC(6) Archive regions: 2->2
[2024-10-11T14:45:32.253-0300][gc,heap     ] GC(6) Humongous regions: 129->129
[2024-10-11T14:45:32.253-0300][gc,metaspace] GC(6) Metaspace: 39079K(39552K)->39079K(39552K) NonClass: 34301K(34560K)->34301K(34560K) Class: 4778K(4992K)->4778K(4992K)
[2024-10-11T14:45:32.253-0300][gc          ] GC(6) Pause Young (Normal) (G1 Evacuation Pause) 192M->144M(1024M) 6.522ms
[2024-10-11T14:45:32.253-0300][gc,cpu      ] GC(6) User=0.01s Sys=0.00s Real=0.00s
[2024-10-11T16:18:59.256-0300][gc,start    ] GC(7) Pause Young (Normal) (G1 Evacuation Pause)
[2024-10-11T16:18:59.256-0300][gc,task     ] GC(7) Using 6 workers of 6 for evacuation
[2024-10-11T16:18:59.260-0300][gc,phases   ] GC(7)   Pre Evacuate Collection Set: 0.2ms
[2024-10-11T16:18:59.261-0300][gc,phases   ] GC(7)   Merge Heap Roots: 0.1ms
[2024-10-11T16:18:59.262-0300][gc,phases   ] GC(7)   Evacuate Collection Set: 1.7ms
[2024-10-11T16:18:59.262-0300][gc,phases   ] GC(7)   Post Evacuate Collection Set: 1.1ms
[2024-10-11T16:18:59.262-0300][gc,phases   ] GC(7)   Other: 0.7ms
[2024-10-11T16:18:59.262-0300][gc,heap     ] GC(7) Eden regions: 49->0(48)
[2024-10-11T16:18:59.263-0300][gc,heap     ] GC(7) Survivor regions: 2->3(7)
[2024-10-11T16:18:59.263-0300][gc,heap     ] GC(7) Old regions: 13->13
[2024-10-11T16:18:59.263-0300][gc,heap     ] GC(7) Archive regions: 2->2
[2024-10-11T16:18:59.264-0300][gc,heap     ] GC(7) Humongous regions: 129->129
[2024-10-11T16:18:59.264-0300][gc,metaspace] GC(7) Metaspace: 39887K(40384K)->39887K(40384K) NonClass: 35013K(35328K)->35013K(35328K) Class: 4873K(5056K)->4873K(5056K)
[2024-10-11T16:18:59.264-0300][gc          ] GC(7) Pause Young (Normal) (G1 Evacuation Pause) 193M->144M(1024M) 8.298ms
[2024-10-11T16:18:59.264-0300][gc,cpu      ] GC(7) User=0.01s Sys=0.00s Real=0.01s
[2024-10-11T16:27:20.592-0300][gc,start    ] GC(8) Pause Young (Normal) (G1 Evacuation Pause)
[2024-10-11T16:27:20.593-0300][gc,task     ] GC(8) Using 6 workers of 6 for evacuation
[2024-10-11T16:27:20.600-0300][gc,phases   ] GC(8)   Pre Evacuate Collection Set: 0.2ms
[2024-10-11T16:27:20.600-0300][gc,phases   ] GC(8)   Merge Heap Roots: 0.1ms
[2024-10-11T16:27:20.601-0300][gc,phases   ] GC(8)   Evacuate Collection Set: 4.8ms
[2024-10-11T16:27:20.601-0300][gc,phases   ] GC(8)   Post Evacuate Collection Set: 1.6ms
[2024-10-11T16:27:20.601-0300][gc,phases   ] GC(8)   Other: 0.8ms
[2024-10-11T16:27:20.601-0300][gc,heap     ] GC(8) Eden regions: 48->0(44)
[2024-10-11T16:27:20.602-0300][gc,heap     ] GC(8) Survivor regions: 3->7(7)
[2024-10-11T16:27:20.602-0300][gc,heap     ] GC(8) Old regions: 13->13
[2024-10-11T16:27:20.603-0300][gc,heap     ] GC(8) Archive regions: 2->2
[2024-10-11T16:27:20.603-0300][gc,heap     ] GC(8) Humongous regions: 129->129
[2024-10-11T16:27:20.603-0300][gc,metaspace] GC(8) Metaspace: 42527K(43072K)->42527K(43072K) NonClass: 37343K(37632K)->37343K(37632K) Class: 5183K(5440K)->5183K(5440K)
[2024-10-11T16:27:20.603-0300][gc          ] GC(8) Pause Young (Normal) (G1 Evacuation Pause) 192M->148M(1024M) 10.777ms
[2024-10-11T16:27:20.604-0300][gc,cpu      ] GC(8) User=0.03s Sys=0.00s Real=0.01s
[2024-10-11T16:59:54.379-0300][gc,start    ] GC(9) Pause Young (Normal) (G1 Evacuation Pause)
[2024-10-11T16:59:54.379-0300][gc,task     ] GC(9) Using 6 workers of 6 for evacuation
[2024-10-11T16:59:54.388-0300][gc,phases   ] GC(9)   Pre Evacuate Collection Set: 0.3ms
[2024-10-11T16:59:54.389-0300][gc,phases   ] GC(9)   Merge Heap Roots: 0.1ms
[2024-10-11T16:59:54.389-0300][gc,phases   ] GC(9)   Evacuate Collection Set: 6.9ms
[2024-10-11T16:59:54.389-0300][gc,phases   ] GC(9)   Post Evacuate Collection Set: 0.8ms
[2024-10-11T16:59:54.390-0300][gc,phases   ] GC(9)   Other: 0.7ms
[2024-10-11T16:59:54.390-0300][gc,heap     ] GC(9) Eden regions: 44->0(77)
[2024-10-11T16:59:54.390-0300][gc,heap     ] GC(9) Survivor regions: 7->1(7)
[2024-10-11T16:59:54.390-0300][gc,heap     ] GC(9) Old regions: 13->17
[2024-10-11T16:59:54.390-0300][gc,heap     ] GC(9) Archive regions: 2->2
[2024-10-11T16:59:54.390-0300][gc,heap     ] GC(9) Humongous regions: 129->129
[2024-10-11T16:59:54.391-0300][gc,metaspace] GC(9) Metaspace: 42802K(43456K)->42802K(43456K) NonClass: 37568K(37952K)->37568K(37952K) Class: 5233K(5504K)->5233K(5504K)
[2024-10-11T16:59:54.391-0300][gc          ] GC(9) Pause Young (Normal) (G1 Evacuation Pause) 192M->147M(1024M) 11.655ms
[2024-10-11T16:59:54.391-0300][gc,cpu      ] GC(9) User=0.02s Sys=0.02s Real=0.01s
[2024-10-11T17:35:04.871-0300][gc,start    ] GC(10) Pause Young (Normal) (G1 Evacuation Pause)
[2024-10-11T17:35:04.871-0300][gc,task     ] GC(10) Using 6 workers of 6 for evacuation
[2024-10-11T17:35:04.879-0300][gc,phases   ] GC(10)   Pre Evacuate Collection Set: 0.2ms
[2024-10-11T17:35:04.879-0300][gc,phases   ] GC(10)   Merge Heap Roots: 0.2ms
[2024-10-11T17:35:04.879-0300][gc,phases   ] GC(10)   Evacuate Collection Set: 5.9ms
[2024-10-11T17:35:04.879-0300][gc,phases   ] GC(10)   Post Evacuate Collection Set: 1.0ms
[2024-10-11T17:35:04.880-0300][gc,phases   ] GC(10)   Other: 0.6ms
[2024-10-11T17:35:04.880-0300][gc,heap     ] GC(10) Eden regions: 76->0(253)
[2024-10-11T17:35:04.880-0300][gc,heap     ] GC(10) Survivor regions: 1->4(10)
[2024-10-11T17:35:04.880-0300][gc,heap     ] GC(10) Old regions: 17->17
[2024-10-11T17:35:04.880-0300][gc,heap     ] GC(10) Archive regions: 2->2
[2024-10-11T17:35:04.880-0300][gc,heap     ] GC(10) Humongous regions: 129->129
[2024-10-11T17:35:04.881-0300][gc,metaspace] GC(10) Metaspace: 42984K(43584K)->42984K(43584K) NonClass: 37744K(38080K)->37744K(38080K) Class: 5240K(5504K)->5240K(5504K)
[2024-10-11T17:35:04.881-0300][gc          ] GC(10) Pause Young (Normal) (G1 Evacuation Pause) 223M->150M(1024M) 9.980ms
[2024-10-11T17:35:04.881-0300][gc,cpu      ] GC(10) User=0.00s Sys=0.03s Real=0.01s
[2024-10-11T18:50:47.365-0300][gc,start    ] GC(11) Pause Young (Normal) (G1 Evacuation Pause)
[2024-10-11T18:50:47.365-0300][gc,task     ] GC(11) Using 6 workers of 6 for evacuation
[2024-10-11T18:50:47.373-0300][gc,phases   ] GC(11)   Pre Evacuate Collection Set: 0.3ms
[2024-10-11T18:50:47.374-0300][gc,phases   ] GC(11)   Merge Heap Roots: 0.1ms
[2024-10-11T18:50:47.374-0300][gc,phases   ] GC(11)   Evacuate Collection Set: 6.2ms
[2024-10-11T18:50:47.374-0300][gc,phases   ] GC(11)   Post Evacuate Collection Set: 1.1ms
[2024-10-11T18:50:47.374-0300][gc,phases   ] GC(11)   Other: 0.7ms
[2024-10-11T18:50:47.374-0300][gc,heap     ] GC(11) Eden regions: 232->0(280)
[2024-10-11T18:50:47.374-0300][gc,heap     ] GC(11) Survivor regions: 4->5(30)
[2024-10-11T18:50:47.375-0300][gc,heap     ] GC(11) Old regions: 17->17
[2024-10-11T18:50:47.375-0300][gc,heap     ] GC(11) Archive regions: 2->2
[2024-10-11T18:50:47.375-0300][gc,heap     ] GC(11) Humongous regions: 129->129
[2024-10-11T18:50:47.375-0300][gc,metaspace] GC(11) Metaspace: 43424K(44032K)->43424K(44032K) NonClass: 38184K(38528K)->38184K(38528K) Class: 5240K(5504K)->5240K(5504K)
[2024-10-11T18:50:47.375-0300][gc          ] GC(11) Pause Young (Normal) (G1 Evacuation Pause) 382M->151M(1024M) 10.262ms
[2024-10-11T18:50:47.375-0300][gc,cpu      ] GC(11) User=0.02s Sys=0.02s Real=0.01s
