[2024-10-11T12:44:24.010-0300][gc] Using G1
[2024-10-11T12:44:24.017-0300][gc,init] Version: 17.0.12+7-Ubuntu-1ubuntu222.04 (release)
[2024-10-11T12:44:24.022-0300][gc,init] CPUs: 6 total, 6 available
[2024-10-11T12:44:24.022-0300][gc,init] Memory: 7884M
[2024-10-11T12:44:24.022-0300][gc,init] Large Page Support: Disabled
[2024-10-11T12:44:24.022-0300][gc,init] NUMA Support: Disabled
[2024-10-11T12:44:24.022-0300][gc,init] Compressed Oops: Enabled (32-bit)
[2024-10-11T12:44:24.023-0300][gc,init] Heap Region Size: 1M
[2024-10-11T12:44:24.023-0300][gc,init] Heap Min Capacity: 512M
[2024-10-11T12:44:24.023-0300][gc,init] Heap Initial Capacity: 512M
[2024-10-11T12:44:24.023-0300][gc,init] Heap Max Capacity: 512M
[2024-10-11T12:44:24.023-0300][gc,init] Pre-touch: Disabled
[2024-10-11T12:44:24.023-0300][gc,init] Parallel Workers: 6
[2024-10-11T12:44:24.024-0300][gc,init] Concurrent Workers: 2
[2024-10-11T12:44:24.024-0300][gc,init] Concurrent Refinement Workers: 6
[2024-10-11T12:44:24.024-0300][gc,init] Periodic GC: Disabled
[2024-10-11T12:44:24.032-0300][gc,metaspace] CDS archive(s) mapped at: [0x00007f447b000000-0x00007f447bbc4000-0x00007f447bbc4000), size 12337152, SharedBaseAddress: 0x00007f447b000000, ArchiveRelocationMode: 1.
[2024-10-11T12:44:24.032-0300][gc,metaspace] Compressed class space mapped at: 0x00007f447c000000-0x00007f44bc000000, reserved size: 1073741824
[2024-10-11T12:44:24.032-0300][gc,metaspace] Narrow klass base: 0x00007f447b000000, Narrow klass shift: 0, Narrow klass range: 0x100000000
[2024-10-11T12:44:53.539-0300][gc,start    ] GC(0) Pause Young (Normal) (G1 Evacuation Pause)
[2024-10-11T12:44:53.540-0300][gc,task     ] GC(0) Using 6 workers of 6 for evacuation
[2024-10-11T12:44:53.549-0300][gc,phases   ] GC(0)   Pre Evacuate Collection Set: 0.2ms
[2024-10-11T12:44:53.550-0300][gc,phases   ] GC(0)   Merge Heap Roots: 0.1ms
[2024-10-11T12:44:53.550-0300][gc,phases   ] GC(0)   Evacuate Collection Set: 7.9ms
[2024-10-11T12:44:53.550-0300][gc,phases   ] GC(0)   Post Evacuate Collection Set: 0.7ms
[2024-10-11T12:44:53.550-0300][gc,phases   ] GC(0)   Other: 1.3ms
[2024-10-11T12:44:53.550-0300][gc,heap     ] GC(0) Eden regions: 25->0(21)
[2024-10-11T12:44:53.550-0300][gc,heap     ] GC(0) Survivor regions: 0->4(4)
[2024-10-11T12:44:53.550-0300][gc,heap     ] GC(0) Old regions: 0->4
[2024-10-11T12:44:53.551-0300][gc,heap     ] GC(0) Archive regions: 2->2
[2024-10-11T12:44:53.551-0300][gc,heap     ] GC(0) Humongous regions: 0->0
[2024-10-11T12:44:53.584-0300][gc,metaspace] GC(0) Metaspace: 8125K(8256K)->8125K(8256K) NonClass: 7211K(7296K)->7211K(7296K) Class: 913K(960K)->913K(960K)
[2024-10-11T12:44:53.615-0300][gc          ] GC(0) Pause Young (Normal) (G1 Evacuation Pause) 25M->7M(512M) 75.814ms
[2024-10-11T12:44:53.615-0300][gc,cpu      ] GC(0) User=0.03s Sys=0.01s Real=0.07s
